c:\users\tmel\desktop\1c_nativenotification\example\build_arm64\nativeapi\addinnative.dir\release\cmake_pch.pch
c:\users\tmel\desktop\1c_nativenotification\example\build_arm64\nativeapi\addinnative.dir\release\cmake_pch.obj
c:\users\tmel\desktop\1c_nativenotification\example\build_arm64\nativeapi\addinnative.dir\release\vc145.pdb
c:\users\tmel\desktop\1c_nativenotification\example\build_arm64\nativeapi\addinnative.dir\release\stdafx.obj
c:\users\tmel\desktop\1c_nativenotification\example\build_arm64\nativeapi\addinnative.dir\release\addinnative.obj
c:\users\tmel\desktop\1c_nativenotification\example\build_arm64\nativeapi\addinnative.dir\release\dllmain.obj
c:\users\tmel\desktop\1c_nativenotification\example\build_arm64\nativeapi\addinnative.dir\release\localization.obj
c:\users\tmel\desktop\1c_nativenotification\example\bin\release\addinnativearm64_01.dll
c:\users\tmel\desktop\1c_nativenotification\example\debug_info\release\addinnativearm64_01.pdb
c:\users\tmel\desktop\1c_nativenotification\example\build_arm64\nativeapi\addinnative.dir\release\addinnative.res
c:\users\tmel\desktop\1c_nativenotification\example\bin\release\addinnativearm64_01.lib
c:\users\tmel\desktop\1c_nativenotification\example\bin\release\addinnativearm64_01.exp
c:\users\tmel\desktop\1c_nativenotification\example\build_arm64\nativeapi\addinnative.dir\release\addinnative.tlog\cl.command.1.tlog
c:\users\tmel\desktop\1c_nativenotification\example\build_arm64\nativeapi\addinnative.dir\release\addinnative.tlog\cl.items.tlog
c:\users\tmel\desktop\1c_nativenotification\example\build_arm64\nativeapi\addinnative.dir\release\addinnative.tlog\cl.read.1.tlog
c:\users\tmel\desktop\1c_nativenotification\example\build_arm64\nativeapi\addinnative.dir\release\addinnative.tlog\cl.write.1.tlog
c:\users\tmel\desktop\1c_nativenotification\example\build_arm64\nativeapi\addinnative.dir\release\addinnative.tlog\link.command.1.tlog
c:\users\tmel\desktop\1c_nativenotification\example\build_arm64\nativeapi\addinnative.dir\release\addinnative.tlog\link.read.1.tlog
c:\users\tmel\desktop\1c_nativenotification\example\build_arm64\nativeapi\addinnative.dir\release\addinnative.tlog\link.secondary.1.tlog
c:\users\tmel\desktop\1c_nativenotification\example\build_arm64\nativeapi\addinnative.dir\release\addinnative.tlog\link.write.1.tlog
c:\users\tmel\desktop\1c_nativenotification\example\build_arm64\nativeapi\addinnative.dir\release\addinnative.tlog\rc.command.1.tlog
c:\users\tmel\desktop\1c_nativenotification\example\build_arm64\nativeapi\addinnative.dir\release\addinnative.tlog\rc.read.1.tlog
c:\users\tmel\desktop\1c_nativenotification\example\build_arm64\nativeapi\addinnative.dir\release\addinnative.tlog\rc.write.1.tlog
